[36mvite v5.4.21 [32mbuilding for production...[36m[39m
transforming...
[32mΓ£ô[39m 101 modules transformed.
node.exe : [31mx[39m 
Build failed in 474ms
At line:1 char:1
+ & "C:\Program 
Files\nodejs/node.exe" 
"C:\Program 
Files\nodejs/node_mo 
...
+ ~~~~~~~~~~~~~~~~~~~~~
~~~~~~~~~~~~~~~~~~~~~~~
~~~~~~~~~~~~~~~~~~~~~~~
~~
    + CategoryInfo     
         : NotSpecifi  
  ed: ([31mx[39m B   
 uild failed in 474    
ms:String) [], Rem    
oteException
    + FullyQualifiedEr 
   rorId : NativeComm  
  andError
 
[31merror during 
build:
[31m[vite:esbuild] 
Transform failed with 
1 error:
E:/ai coding/app/Mamun-
automobiles/src/Banking
Module.jsx:128:53: 
ERROR: Unexpected 
"}"[31m
file: [36mE:/ai coding
/app/Mamun-automobiles/
src/BankingModule.jsx:1
28:53[31m
[33m
[33mUnexpected 
"}"[33m
126|      const 
getStatusTag = 
(status) => {
127|          const 
map = {
128|              
Deposited: { color: 
'processing', icon:  },
   |                   
                       
             ^
129|              
Cleared:   { color: 
'success',    icon:  },
130|              
Bounced:   { color: 
'error',       icon: 
<Ban size={12} /> },
[31m
    at 
failureErrorWithLog 
(E:\ai coding\app\Mamun
-automobiles\node_modul
es\esbuild\lib\main.js:
1472:15)
    at E:\ai coding\app
\Mamun-automobiles\node
_modules\esbuild\lib\ma
in.js:755:50
    at responseCallback
s.<computed> (E:\ai cod
ing\app\Mamun-automobil
es\node_modules\esbuild
\lib\main.js:622:9)
    at 
handleIncomingPacket 
(E:\ai coding\app\Mamun
-automobiles\node_modul
es\esbuild\lib\main.js:
677:12)
    at 
Socket.readFromStdout 
(E:\ai coding\app\Mamun
-automobiles\node_modul
es\esbuild\lib\main.js:
600:7)
    at Socket.emit 
(node:events:508:28)
    at addChunk (node:i
nternal/streams/readabl
e:563:12)
    at readableAddChunk
PushByteMode (node:inte
rnal/streams/readable:5
14:3)
    at Readable.push (n
ode:internal/streams/re
adable:394:5)
    at 
Pipe.onStreamRead (node
:internal/stream_base_c
ommons:189:23)[39m
